COMMAND: src/backend/venv/Scripts/python.exe src/backend/manage.py test apps.qa
EXIT_CODE: 1
DURATION_MS: 22005
STDOUT_TAIL:
Found 27 test(s).
System check identified no issues (0 silenced).

STDERR_TAIL:
Creating test database for alias 'default'...

....FF..................F..
======================================================================
FAIL: test_create_question_persists_normalized_nested_tags_and_counters (apps.qa.tests.QuestionCreateWithTagsApiTests.test_create_question_persists_normalized_nested_tags_and_counters)
----------------------------------------------------------------------
Traceback (most recent call last):
  File "F:\projects\Diplom\StackOverflow2.0\.gsd\worktrees\M001\src\backend\apps\qa\tests.py", line 236, in test_create_question_persists_normalized_nested_tags_and_counters
    self.assert_response_tags(
    ~~~~~~~~~~~~~~~~~~~~~~~~~^
        response,
        ^^^^^^^^^
    ...<4 lines>...
        ],
        ^^
    )
    ^
  File "F:\projects\Diplom\StackOverflow2.0\.gsd\worktrees\M001\src\backend\apps\qa\tests.py", line 223, in assert_response_tags
    self.assertCountEqual(response.data['tags'], expected_tags)
    ~~~~~~~~~~~~~~~~~~~~~^^^^^^^^^^^^^^^^^^^^^^^^^^^^^^^^^^^^^^
AssertionError: Element counts were not equal:
First has 0, Second has 1:  {'name': 'django', 'questions_count': 1}
First has 0, Second has 1:  {'name': 'drf3', 'questions_count': 1}
First has 0, Second has 1:  {'name': 'vue-js', 'questions_count': 1}

======================================================================
FAIL: test_create_question_reuses_existing_tags_and_counts_unique_submitted_names_once (apps.qa.tests.QuestionCreateWithTagsApiTests.test_create_question_reuses_existing_tags_and_counts_unique_submitted_names_once)
----------------------------------------------------------------------
Traceback (most recent call last):
  File "F:\projects\Diplom\StackOverflow2.0\.gsd\worktrees\M001\src\backend\apps\qa\tests.py", line 259, in test_create_question_reuses_existing_tags_and_counts_unique_submitted_names_once
    self.assert_response_tags(
    ~~~~~~~~~~~~~~~~~~~~~~~~~^
        response,
        ^^^^^^^^^
    ...<3 lines>...
        ],
        ^^
    )
    ^
  File "F:\projects\Diplom\StackOverflow2.0\.gsd\worktrees\M001\src\backend\apps\qa\tests.py", line 223, in assert_response_tags
    self.assertCountEqual(response.data['tags'], expected_tags)
    ~~~~~~~~~~~~~~~~~~~~~^^^^^^^^^^^^^^^^^^^^^^^^^^^^^^^^^^^^^^
AssertionError: Element counts were not equal:
First has 0, Second has 1:  {'name': 'django', 'questions_count': 2}
First has 0, Second has 1:  {'name': 'drf', 'questions_count': 1}

======================================================================
FAIL: test_saving_question_with_validated_tags_persists_normalized_tags_in_s02 (apps.qa.tests.QuestionTagSerializerTests.test_saving_question_with_validated_tags_persists_normalized_tags_in_s02)
----------------------------------------------------------------------
Traceback (most recent call last):
  File "F:\projects\Diplom\StackOverflow2.0\.gsd\worktrees\M001\src\backend\apps\qa\tests.py", line 104, in test_saving_question_with_validated_tags_persists_normalized_tags_in_s02
    self.assertEqual(set(question.tags.values_list('name', flat=True)), {'django', 'drf'})
    ~~~~~~~~~~~~~~~~^^^^^^^^^^^^^^^^^^^^^^^^^^^^^^^^^^^^^^^^^^^^^^^^^^^^^^^^^^^^^^^^^^^^^^
AssertionError: Items in the second set but not the first:
'django'
'drf'

----------------------------------------------------------------------
Ran 27 tests in 14.532s

FAILED (failures=3)
Destroying test database for alias 'default'...


