venv_create_exit: 0

pip_install_exit: 0
duration_ms: 19201
2))
  Using cached uritemplate-4.2.0-py3-none-any.whl.metadata (2.6 kB)
Collecting django-cors-headers==4.9.0 (from -r src/backend/requirements.txt (line 23))
  Using cached django_cors_headers-4.9.0-py3-none-any.whl.metadata (16 kB)
Collecting packaging (from gunicorn==23.0.0->-r src/backend/requirements.txt (line 8))
  Downloading packaging-26.2-py3-none-any.whl.metadata (3.5 kB)
Using cached asgiref-3.11.1-py3-none-any.whl (24 kB)
Downloading attrs-26.1.0-py3-none-any.whl (67 kB)
Downloading django-6.0.3-py3-none-any.whl (8.4 MB)
   ---------------------------------------- 8.4/8.4 MB 8.4 MB/s eta 0:00:00
Using cached django_filter-25.2-py3-none-any.whl (94 kB)
Downloading djangorestframework-3.17.1-py3-none-any.whl (898 kB)
   ---------------------------------------- 898.8/898.8 kB 9.3 MB/s eta 0:00:00
Using cached djangorestframework_simplejwt-5.5.1-py3-none-any.whl (107 kB)
Using cached drf_spectacular-0.29.0-py3-none-any.whl (105 kB)
Downloading gunicorn-23.0.0-py3-none-any.whl (85 kB)
Using cached inflection-0.5.1-py2.py3-none-any.whl (9.5 kB)
Using cached jsonschema-4.26.0-py3-none-any.whl (90 kB)
Using cached jsonschema_specifications-2025.9.1-py3-none-any.whl (18 kB)
Using cached mysqlclient-2.2.8-cp313-cp313-win_amd64.whl (207 kB)
Using cached pillow-12.1.1-cp313-cp313-win_amd64.whl (7.0 MB)
Downloading pyjwt-2.12.1-py3-none-any.whl (29 kB)
Using cached python_dotenv-1.2.2-py3-none-any.whl (22 kB)
Using cached pyyaml-6.0.3-cp313-cp313-win_amd64.whl (154 kB)
Using cached referencing-0.37.0-py3-none-any.whl (26 kB)
Using cached rpds_py-0.30.0-cp313-cp313-win_amd64.whl (240 kB)
Using cached sqlparse-0.5.5-py3-none-any.whl (46 kB)
Using cached typing_extensions-4.15.0-py3-none-any.whl (44 kB)
Using cached tzdata-2025.3-py2.py3-none-any.whl (348 kB)
Using cached uritemplate-4.2.0-py3-none-any.whl (11 kB)
Using cached django_cors_headers-4.9.0-py3-none-any.whl (12 kB)
Downloading packaging-26.2-py3-none-any.whl (100 kB)
Installing collected packages: uritemplate, tzdata, typing_extensions, sqlparse, rpds-py, PyYAML, python-dotenv, PyJWT, pillow, packaging, mysqlclient, inflection, attrs, asgiref, referencing, gunicorn, Django, jsonschema-specifications, djangorestframework, django-filter, django-cors-headers, jsonschema, djangorestframework_simplejwt, drf-spectacular

Successfully installed Django-6.0.3 PyJWT-2.12.1 PyYAML-6.0.3 asgiref-3.11.1 attrs-26.1.0 django-cors-headers-4.9.0 django-filter-25.2 djangorestframework-3.17.1 djangorestframework_simplejwt-5.5.1 drf-spectacular-0.29.0 gunicorn-23.0.0 inflection-0.5.1 jsonschema-4.26.0 jsonschema-specifications-2025.9.1 mysqlclient-2.2.8 packaging-26.2 pillow-12.1.1 python-dotenv-1.2.2 referencing-0.37.0 rpds-py-0.30.0 sqlparse-0.5.5 typing_extensions-4.15.0 tzdata-2025.3 uritemplate-4.2.0

[notice] A new release of pip is available: 25.1.1 -> 26.1
[notice] To update, run: F:\projects\Diplom\StackOverflow2.0\.gsd\worktrees\M001\src\backend\venv\Scripts\python.exe -m pip install --upgrade pip

