cwd= F:\projects\Diplom\StackOverflow2.0\.gsd\worktrees\M001
project_exists= False
RUN src/backend/venv/Scripts/python.exe src/backend/manage.py test apps.qa.tests.TagAutocompleteApiTests
EXIT 0 DURATION_MS 8017
STDOUT_TAIL Found 8 test(s).
System check identified no issues (0 silenced).

STDERR_TAIL Creating test database for alias 'default'...

.......F:\projects\Diplom\StackOverflow2.0\.gsd\worktrees\M001\src\backend\apps\qa\serializers.py: Warning [CommentViewSet > CommentDetailSerializer]: unable to resolve type hint for function "get_replies". Consider using a type hint or @extend_schema_field. Defaulting to string.
F:\projects\Diplom\StackOverflow2.0\.gsd\worktrees\M001\src\backend\apps\user\views.py: Warning [UserViewSet]: could not derive type of path parameter "user_id" because it is untyped and obtaining queryset from the viewset failed. Consider adding a type to the path (e.g. <int:user_id>) or annotating the parameter type with @extend_schema. Defaulting to "string".
.
----------------------------------------------------------------------
Ran 8 tests in 0.152s

OK
Destroying test database for alias 'default'...


RUN src/backend/venv/Scripts/python.exe src/backend/manage.py test apps.qa
EXIT 0 DURATION_MS 22418
STDOUT_TAIL Found 35 test(s).
System check identified no issues (0 silenced).

STDERR_TAIL Creating test database for alias 'default'...

..................................F:\projects\Diplom\StackOverflow2.0\.gsd\worktrees\M001\src\backend\apps\qa\serializers.py: Warning [CommentViewSet > CommentDetailSerializer]: unable to resolve type hint for function "get_replies". Consider using a type hint or @extend_schema_field. Defaulting to string.
F:\projects\Diplom\StackOverflow2.0\.gsd\worktrees\M001\src\backend\apps\user\views.py: Warning [UserViewSet]: could not derive type of path parameter "user_id" because it is untyped and obtaining queryset from the viewset failed. Consider adding a type to the path (e.g. <int:user_id>) or annotating the parameter type with @extend_schema. Defaulting to "string".
.
----------------------------------------------------------------------
Ran 35 tests in 14.743s

OK
Destroying test database for alias 'default'...


RUN src/backend/venv/Scripts/python.exe src/backend/manage.py makemigrations qa --check --dry-run
EXIT 0 DURATION_MS 987
STDOUT_TAIL No changes detected in app 'qa'

ALL_PASS
