command: src/backend/venv/Scripts/python.exe src/backend/manage.py test apps.qa
exit_code: 1
duration_ms: 16492
--- stdout tail ---
Found 18 test(s).
System check identified no issues (0 silenced).

--- stderr tail ---
Creating test database for alias 'default'...

..............F...
======================================================================
FAIL: test_rejects_non_string_tag_values (apps.qa.tests.QuestionTagSerializerTests.test_rejects_non_string_tag_values)
----------------------------------------------------------------------
Traceback (most recent call last):
  File "F:\projects\Diplom\StackOverflow2.0\.gsd\worktrees\M001\src\backend\apps\qa\tests.py", line 107, in test_rejects_non_string_tag_values
    self.assert_tags_error([123])
    ~~~~~~~~~~~~~~~~~~~~~~^^^^^^^
  File "F:\projects\Diplom\StackOverflow2.0\.gsd\worktrees\M001\src\backend\apps\qa\tests.py", line 51, in assert_tags_error
    self.assertFalse(serializer.is_valid())
    ~~~~~~~~~~~~~~~~^^^^^^^^^^^^^^^^^^^^^^^
AssertionError: True is not false

----------------------------------------------------------------------
Ran 18 tests in 8.959s

FAILED (failures=1)
Destroying test database for alias 'default'...


