RUN: src/backend/venv/Scripts/python.exe src/backend/manage.py makemigrations qa --check --dry-run
EXIT: 0 DURATION_MS: 793
STDOUT_TAIL:
No changes detected in app 'qa'

RUN: src/backend/venv/Scripts/python.exe src/backend/manage.py migrate --plan
EXIT: 0 DURATION_MS: 792
STDOUT_TAIL:
Planned operations:
contenttypes.0001_initial
    Create model ContentType
    Alter unique_together for contenttype (1 constraint(s))
contenttypes.0002_remove_content_type_name
    Change Meta options on contenttype
    Alter field name on contenttype
    Raw Python operation
    Remove field name from contenttype
auth.0001_initial
    Create model Permission
    Create model Group
    Create model User
auth.0002_alter_permission_name_max_length
    Alter field name on permission
auth.0003_alter_user_email_max_length
    Alter field email on user
auth.0004_alter_user_username_opts
    Alter field username on user
auth.0005_alter_user_last_login_null
    Alter field last_login on user
auth.0006_require_contenttypes_0002
auth.0007_alter_validators_add_error_messages
    Alter field username on user
auth.0008_alter_user_username_max_length
    Alter field username on user
auth.0009_alter_user_last_name_max_length
    Alter field last_name on user
auth.0010_alter_group_name_max_length
    Alter field name on group
auth.0011_update_proxy_permissions
    Raw Python operation -> Update the content_type of proxy mo…
auth.0012_alter_user_first_name_max_length
    Alter field first_name on user
user.0001_initial
    Create model Achievement
    Create model CustomUser
    Create model ReputationTransaction
    Create model UserAchievement
qa.0001_initial
    Create model Question
    Create model Solution
    Create model SolutionEdits
    Create model Vote
    Create model Comment
qa.0002_initial
    Add field user to comment
    Add field user to question
    Add field question to solution
    Add field user to solution
    Add field solution to solutionedits
    Add field user to solutionedits
    Add field content_type to vote
    Add field user to vote
    Create index comments_content_cd20f6_idx on field(s) content_type, object_id of model comment
    Create index comments_parent__9f8798_idx on field(s) parent of model comment
    Create constraint unique_solution_user_pair on model solution
    Create index votes_content_a606f3_idx on field(s) content_type, object_id of model vote
    Create index votes_user_id_72a822_idx on field(s) user of model vote
    Create constraint unique_vote_user_target on model vote
qa.0003_tag_question_tags
    Create model Tag
    Add field tags to question
token_blacklist.0001_initial
    Create model BlacklistedToken
    Create model OutstandingToken
    Add field token to blacklistedtoken
token_blacklist.0002_outstandingtoken_jti_hex
    Add field jti_hex to outstandingtoken
token_blacklist.0003_auto_20171017_2007
    Raw Python operation
token_blacklist.0004_auto_20171017_2013
    Alter field jti_hex on outstandingtoken
token_blacklist.0005_remove_outstandingtoken_jti
    Remove field jti from outstandingtoken
token_blacklist.0006_auto_20171017_2113
    Rename field jti_hex on outstandingtoken to jti
token_blacklist.0007_auto_20171017_2214
    Alter field created_at on outstandingtoken
    Alter field user on outstandingtoken
token_blacklist.0008_migrate_to_bigautofield
    Alter field id on blacklistedtoken
    Alter field id on outstandingtoken
token_blacklist.0010_fix_migrate_to_bigautofield
    Alter field id on blacklistedtoken
    Alter field id on outstandingtoken
token_blacklist.0011_linearizes_history
token_blacklist.0012_alter_outstandingtoken_user
    Alter field user on outstandingtoken
token_blacklist.0013_alter_blacklistedtoken_options_and_more
    Change Meta options on blacklistedtoken
    Change Meta options on outstandingtoken

RUN: src/backend/venv/Scripts/python.exe src/backend/manage.py test apps.qa
EXIT: 0 DURATION_MS: 20830
STDOUT_TAIL:
Found 24 test(s).
System check identified no issues (0 silenced).

STDERR_TAIL:
Creating test database for alias 'default'...

........................
----------------------------------------------------------------------
Ran 24 tests in 13.328s

OK
Destroying test database for alias 'default'...


ALL_S01_VERIFICATION_PASSED
