COMMAND: src/backend/venv/Scripts/python.exe src/backend/manage.py test apps.qa.tests.TagAutocompleteApiTests
EXIT_CODE: 1
DURATION_MS: 8253
STDOUT_TAIL:
Found 8 test(s).
System check identified no issues (0 silenced).

STDERR_TAIL:
Creating test database for alias 'default'...

.......F:\projects\Diplom\StackOverflow2.0\.gsd\worktrees\M001\src\backend\apps\qa\serializers.py: Warning [CommentViewSet > CommentDetailSerializer]: unable to resolve type hint for function "get_replies". Consider using a type hint or @extend_schema_field. Defaulting to string.
F:\projects\Diplom\StackOverflow2.0\.gsd\worktrees\M001\src\backend\apps\user\views.py: Warning [UserViewSet]: could not derive type of path parameter "user_id" because it is untyped and obtaining queryset from the viewset failed. Consider adding a type to the path (e.g. <int:user_id>) or annotating the parameter type with @extend_schema. Defaulting to "string".
E
======================================================================
ERROR: test_tag_autocomplete_schema_documents_search_parameter_and_response (apps.qa.tests.TagAutocompleteApiTests.test_tag_autocomplete_schema_documents_search_parameter_and_response)
----------------------------------------------------------------------
Traceback (most recent call last):
  File "F:\projects\Diplom\StackOverflow2.0\.gsd\worktrees\M001\src\backend\apps\qa\tests.py", line 274, in test_tag_autocomplete_schema_documents_search_parameter_and_response
    self.assertFalse(search_parameter['required'])
                     ~~~~~~~~~~~~~~~~^^^^^^^^^^^^
KeyError: 'required'

----------------------------------------------------------------------
Ran 8 tests in 0.142s

FAILED (errors=1)
Destroying test database for alias 'default'...


