command: src/backend/venv/Scripts/python.exe src/backend/manage.py test apps.qa
exit_code: 1
duration_ms: 2948
 16, in main
    execute_from_command_line(sys.argv)
    ~~~~~~~~~~~~~~~~~~~~~~~~~^^^^^^^^^^
  File "F:\projects\Diplom\StackOverflow2.0\.gsd\worktrees\M001\src\backend\venv\Lib\site-packages\django\core\management\__init__.py", line 443, in execute_from_command_line
    utility.execute()
    ~~~~~~~~~~~~~~~^^
  File "F:\projects\Diplom\StackOverflow2.0\.gsd\worktrees\M001\src\backend\venv\Lib\site-packages\django\core\management\__init__.py", line 437, in execute
    self.fetch_command(subcommand).run_from_argv(self.argv)
    ~~~~~~~~~~~~~~~~~~~~~~~~~~~~~~~~~~~~~~~~~~~~^^^^^^^^^^^
  File "F:\projects\Diplom\StackOverflow2.0\.gsd\worktrees\M001\src\backend\venv\Lib\site-packages\django\core\management\commands\test.py", line 24, in run_from_argv
    super().run_from_argv(argv)
    ~~~~~~~~~~~~~~~~~~~~~^^^^^^
  File "F:\projects\Diplom\StackOverflow2.0\.gsd\worktrees\M001\src\backend\venv\Lib\site-packages\django\core\management\base.py", line 420, in run_from_argv
    self.execute(*args, **cmd_options)
    ~~~~~~~~~~~~^^^^^^^^^^^^^^^^^^^^^^
  File "F:\projects\Diplom\StackOverflow2.0\.gsd\worktrees\M001\src\backend\venv\Lib\site-packages\django\core\management\base.py", line 464, in execute
    output = self.handle(*args, **options)
  File "F:\projects\Diplom\StackOverflow2.0\.gsd\worktrees\M001\src\backend\venv\Lib\site-packages\django\core\management\commands\test.py", line 63, in handle
    failures = test_runner.run_tests(test_labels)
  File "F:\projects\Diplom\StackOverflow2.0\.gsd\worktrees\M001\src\backend\venv\Lib\site-packages\django\test\runner.py", line 1127, in run_tests
    old_config = self.setup_databases(
        aliases=databases,
        serialized_aliases=suite.serialized_aliases,
    )
  File "F:\projects\Diplom\StackOverflow2.0\.gsd\worktrees\M001\src\backend\venv\Lib\site-packages\django\test\runner.py", line 1026, in setup_databases
    return _setup_databases(
        self.verbosity,
    ...<5 lines>...
        **kwargs,
    )
  File "F:\projects\Diplom\StackOverflow2.0\.gsd\worktrees\M001\src\backend\venv\Lib\site-packages\django\test\utils.py", line 207, in setup_databases
    connection.creation.create_test_db(
    ~~~~~~~~~~~~~~~~~~~~~~~~~~~~~~~~~~^
        verbosity=verbosity,
        ^^^^^^^^^^^^^^^^^^^^
        autoclobber=not interactive,
        ^^^^^^^^^^^^^^^^^^^^^^^^^^^^
        keepdb=keepdb,
        ^^^^^^^^^^^^^^
    )
    ^
  File "F:\projects\Diplom\StackOverflow2.0\.gsd\worktrees\M001\src\backend\venv\Lib\site-packages\django\db\backends\base\creation.py", line 69, in create_test_db
    self._create_test_db(verbosity, autoclobber, keepdb)
    ~~~~~~~~~~~~~~~~~~~~^^^^^^^^^^^^^^^^^^^^^^^^^^^^^^^^
  File "F:\projects\Diplom\StackOverflow2.0\.gsd\worktrees\M001\src\backend\venv\Lib\site-packages\django\db\backends\base\creation.py", line 221, in _create_test_db
    with self._nodb_cursor() as cursor:
         ~~~~~~~~~~~~~~~~~^^
  File "C:\Users\Sergey\AppData\Local\Programs\Python\Python313\Lib\contextlib.py", line 141, in __enter__
    return next(self.gen)
  File "F:\projects\Diplom\StackOverflow2.0\.gsd\worktrees\M001\src\backend\venv\Lib\site-packages\django\db\backends\base\base.py", line 712, in _nodb_cursor
    with conn.cursor() as cursor:
         ~~~~~~~~~~~^^
  File "F:\projects\Diplom\StackOverflow2.0\.gsd\worktrees\M001\src\backend\venv\Lib\site-packages\django\utils\asyncio.py", line 26, in inner
    return func(*args, **kwargs)
  File "F:\projects\Diplom\StackOverflow2.0\.gsd\worktrees\M001\src\backend\venv\Lib\site-packages\django\db\backends\base\base.py", line 320, in cursor
    return self._cursor()
           ~~~~~~~~~~~~^^
  File "F:\projects\Diplom\StackOverflow2.0\.gsd\worktrees\M001\src\backend\venv\Lib\site-packages\django\db\backends\base\base.py", line 296, in _cursor
    self.ensure_connection()
    ~~~~~~~~~~~~~~~~~~~~~~^^
  File "F:\projects\Diplom\StackOverflow2.0\.gsd\worktrees\M001\src\backend\venv\Lib\site-packages\django\utils\asyncio.py", line 26, in inner
    return func(*args, **kwargs)
  File "F:\projects\Diplom\StackOverflow2.0\.gsd\worktrees\M001\src\backend\venv\Lib\site-packages\django\db\backends\base\base.py", line 278, in ensure_connection
    with self.wrap_database_errors:
         ^^^^^^^^^^^^^^^^^^^^^^^^^
  File "F:\projects\Diplom\StackOverflow2.0\.gsd\worktrees\M001\src\backend\venv\Lib\site-packages\django\db\utils.py", line 94, in __exit__
    raise dj_exc_value.with_traceback(traceback) from exc_value
  File "F:\projects\Diplom\StackOverflow2.0\.gsd\worktrees\M001\src\backend\venv\Lib\site-packages\django\db\backends\base\base.py", line 279, in ensure_connection
    self.connect()
    ~~~~~~~~~~~~^^
  File "F:\projects\Diplom\StackOverflow2.0\.gsd\worktrees\M001\src\backend\venv\Lib\site-packages\django\utils\asyncio.py", line 26, in inner
    return func(*args, **kwargs)
  File "F:\projects\Diplom\StackOverflow2.0\.gsd\worktrees\M001\src\backend\venv\Lib\site-packages\django\db\backends\base\base.py", line 256, in connect
    self.connection = self.get_new_connection(conn_params)
                      ~~~~~~~~~~~~~~~~~~~~~~~^^^^^^^^^^^^^
  File "F:\projects\Diplom\StackOverflow2.0\.gsd\worktrees\M001\src\backend\venv\Lib\site-packages\django\utils\asyncio.py", line 26, in inner
    return func(*args, **kwargs)
  File "F:\projects\Diplom\StackOverflow2.0\.gsd\worktrees\M001\src\backend\venv\Lib\site-packages\django\db\backends\mysql\base.py", line 258, in get_new_connection
    connection = Database.connect(**conn_params)
  File "F:\projects\Diplom\StackOverflow2.0\.gsd\worktrees\M001\src\backend\venv\Lib\site-packages\MySQLdb\__init__.py", line 121, in Connect
    return Connection(*args, **kwargs)
  File "F:\projects\Diplom\StackOverflow2.0\.gsd\worktrees\M001\src\backend\venv\Lib\site-packages\MySQLdb\connections.py", line 206, in __init__
    super().__init__(*args, **kwargs2)
    ~~~~~~~~~~~~~~~~^^^^^^^^^^^^^^^^^^
django.db.utils.OperationalError: (2005, "Unknown server host 'db' (11001)")

